// Vitest Snapshot v1, https://vitest.dev/guide/snapshot.html

exports[`AddDevice component > renders correctly 1`] = `
<DocumentFragment>
  <div
    class="container"
  >
    <h3
      class="title"
    >
      Add New Device
    </h3>
    <form
      class="form-container"
    >
      <div>
        <label>
          Category:
        </label>
        <select>
          <option
            value=""
          >
            Select Category
          </option>
          <option
            value="Electronics"
          >
            Electronics
          </option>
          <option
            value="Appliances"
          >
            Appliances
          </option>
          <option
            value="Equipment"
          >
            Equipment
          </option>
        </select>
      </div>
      <div>
        <label>
          Type:
        </label>
        <input
          type="text"
          value=""
        />
      </div>
      <div>
        <label>
          Brand:
        </label>
        <input
          type="text"
          value=""
        />
      </div>
      <div>
        <label>
          Owner:
        </label>
        <input
          type="text"
          value=""
        />
      </div>
      <div>
        <label>
          Accessories:
        </label>
        <input
          type="checkbox"
        />
      </div>
      <div>
        <label>
          Warranty:
        </label>
        <input
          type="checkbox"
        />
      </div>
      <div>
        <label>
          Date:
        </label>
        <input
          data-date-format="DD MMMM YYYY"
          type="date"
          value=""
        />
      </div>
      <div
        class="buttons"
      >
        <input
          type="button"
          value="Back"
        />
        <input
          type="submit"
          value="Save"
        />
      </div>
    </form>
  </div>
</DocumentFragment>
`;
