// Vitest Snapshot v1, https://vitest.dev/guide/snapshot.html

exports[`EditDevice > should match snapshot 1`] = `
<div>
  <div
    class="container"
  >
    <h3
      class="title"
    >
      Add New Device
    </h3>
    <form
      class="form-container"
    >
      <div>
        <label>
          Category:
        </label>
        <select>
          <option
            value=""
          >
            Select Category
          </option>
          <option
            value="Electronics"
          >
            Electronics
          </option>
          <option
            value="Appliances"
          >
            Appliances
          </option>
          <option
            value="Equipment"
          >
            Equipment
          </option>
        </select>
      </div>
      <div>
        <label>
          Type:
        </label>
        <input
          type="text"
          value="Type"
        />
      </div>
      <div>
        <label>
          Brand:
        </label>
        <input
          type="text"
          value="Brand"
        />
      </div>
      <div>
        <label>
          Owner:
        </label>
        <input
          type="text"
          value="Owner"
        />
      </div>
      <div>
        <label>
          Accessories:
        </label>
        <input
          checked=""
          type="checkbox"
        />
      </div>
      <div>
        <label>
          Warranty:
        </label>
        <input
          type="checkbox"
        />
      </div>
      <div>
        <label>
          Date:
        </label>
        <input
          type="date"
          value="2024-03-31"
        />
      </div>
      <div
        class="buttons"
      >
        <input
          type="button"
          value="Back"
        />
        <input
          type="submit"
          value="Save"
        />
      </div>
    </form>
  </div>
</div>
`;
